Traceback (most recent call last):
  File "c:\Users\RABONY GLOBALS\Downloads\Siiqo prodcut\Siiqo backend\test_signup_flow.py", line 26, in <module>
    print("\n\U0001f50d Step 0: Checking backend is reachable...")
    ~~~~~^^^^^^^^^^^^^^^^^^^^^^^^^^^^^^^^^^^^^^^^^^^^^^^^^
  File "C:\Users\RABONY GLOBALS\AppData\Local\Python\pythoncore-3.14-64\Lib\encodings\cp1252.py", line 19, in encode
    return codecs.charmap_encode(input,self.errors,encoding_table)[0]
           ~~~~~~~~~~~~~~~~~~~~~^^^^^^^^^^^^^^^^^^^^^^^^^^^^^^^^^^
UnicodeEncodeError: 'charmap' codec can't encode character '\U0001f50d' in position 2: character maps to <undefined>
